// Jest Snapshot v1, https://goo.gl/fbAQLP

exports[`App renders div with Search 1`] = `ShallowWrapper {}`;
